------------------------------------------------------------
TimeQuest Timing Analyzer Summary
------------------------------------------------------------

Type  : Slow 1100mV 85C Model Setup 'clock'
Slack : -5.346
TNS   : -569.564

Type  : Slow 1100mV 85C Model Setup 'reset'
Slack : -3.635
TNS   : -53.526

Type  : Slow 1100mV 85C Model Hold 'clock'
Slack : 0.350
TNS   : 0.000

Type  : Slow 1100mV 85C Model Hold 'reset'
Slack : 0.635
TNS   : 0.000

Type  : Slow 1100mV 85C Model Recovery 'clock'
Slack : -3.284
TNS   : -544.904

Type  : Slow 1100mV 85C Model Removal 'clock'
Slack : 1.006
TNS   : 0.000

Type  : Slow 1100mV 85C Model Minimum Pulse Width 'clock'
Slack : -0.538
TNS   : -232.658

Type  : Slow 1100mV 85C Model Minimum Pulse Width 'reset'
Slack : 0.066
TNS   : 0.000

Type  : Slow 1100mV 0C Model Setup 'clock'
Slack : -5.225
TNS   : -553.205

Type  : Slow 1100mV 0C Model Setup 'reset'
Slack : -3.804
TNS   : -56.288

Type  : Slow 1100mV 0C Model Hold 'clock'
Slack : 0.329
TNS   : 0.000

Type  : Slow 1100mV 0C Model Hold 'reset'
Slack : 0.667
TNS   : 0.000

Type  : Slow 1100mV 0C Model Recovery 'clock'
Slack : -3.060
TNS   : -504.366

Type  : Slow 1100mV 0C Model Removal 'clock'
Slack : 0.906
TNS   : 0.000

Type  : Slow 1100mV 0C Model Minimum Pulse Width 'clock'
Slack : -0.538
TNS   : -236.523

Type  : Slow 1100mV 0C Model Minimum Pulse Width 'reset'
Slack : 0.087
TNS   : 0.000

Type  : Fast 1100mV 85C Model Setup 'clock'
Slack : -2.171
TNS   : -154.932

Type  : Fast 1100mV 85C Model Setup 'reset'
Slack : -1.424
TNS   : -18.941

Type  : Fast 1100mV 85C Model Hold 'clock'
Slack : 0.178
TNS   : 0.000

Type  : Fast 1100mV 85C Model Hold 'reset'
Slack : 0.347
TNS   : 0.000

Type  : Fast 1100mV 85C Model Recovery 'clock'
Slack : -1.896
TNS   : -238.117

Type  : Fast 1100mV 85C Model Removal 'clock'
Slack : 0.306
TNS   : 0.000

Type  : Fast 1100mV 85C Model Minimum Pulse Width 'reset'
Slack : -0.173
TNS   : -3.940

Type  : Fast 1100mV 85C Model Minimum Pulse Width 'clock'
Slack : -0.101
TNS   : -27.888

Type  : Fast 1100mV 0C Model Setup 'clock'
Slack : -1.942
TNS   : -119.549

Type  : Fast 1100mV 0C Model Setup 'reset'
Slack : -1.290
TNS   : -16.892

Type  : Fast 1100mV 0C Model Hold 'clock'
Slack : 0.169
TNS   : 0.000

Type  : Fast 1100mV 0C Model Hold 'reset'
Slack : 0.368
TNS   : 0.000

Type  : Fast 1100mV 0C Model Recovery 'clock'
Slack : -1.634
TNS   : -204.071

Type  : Fast 1100mV 0C Model Removal 'clock'
Slack : 0.193
TNS   : 0.000

Type  : Fast 1100mV 0C Model Minimum Pulse Width 'reset'
Slack : -0.141
TNS   : -3.275

Type  : Fast 1100mV 0C Model Minimum Pulse Width 'clock'
Slack : -0.100
TNS   : -28.333

------------------------------------------------------------
